
> client@0.0.0 test:run
> vitest run


 RUN  v2.1.9 /workspace/client

stderr | src/utils/localStorage.test.ts > usePersistedState hook > reads persisted value on init
Warning: Invalid hook call. Hooks can only be called inside of the body of a function component. This could happen for one of the following reasons:
1. You might have mismatching versions of React and the renderer (such as React DOM)
2. You might be breaking the Rules of Hooks
3. You might have more than one copy of React in the same app
See https://reactjs.org/link/invalid-hook-call for tips about how to debug and fix this problem.
Warning: Invalid hook call. Hooks can only be called inside of the body of a function component. This could happen for one of the following reasons:
1. You might have mismatching versions of React and the renderer (such as React DOM)
2. You might be breaking the Rules of Hooks
3. You might have more than one copy of React in the same app
See https://reactjs.org/link/invalid-hook-call for tips about how to debug and fix this problem.

stderr | src/utils/localStorage.test.ts > usePersistedState hook > falls back to default value when localStorage is empty
Warning: Invalid hook call. Hooks can only be called inside of the body of a function component. This could happen for one of the following reasons:
1. You might have mismatching versions of React and the renderer (such as React DOM)
2. You might be breaking the Rules of Hooks
3. You might have more than one copy of React in the same app
See https://reactjs.org/link/invalid-hook-call for tips about how to debug and fix this problem.
Warning: Invalid hook call. Hooks can only be called inside of the body of a function component. This could happen for one of the following reasons:
1. You might have mismatching versions of React and the renderer (such as React DOM)
2. You might be breaking the Rules of Hooks
3. You might have more than one copy of React in the same app
See https://reactjs.org/link/invalid-hook-call for tips about how to debug and fix this problem.

stderr | src/utils/localStorage.test.ts > usePersistedState hook > recovers from corrupted JSON with default value
Warning: Invalid hook call. Hooks can only be called inside of the body of a function component. This could happen for one of the following reasons:
1. You might have mismatching versions of React and the renderer (such as React DOM)
2. You might be breaking the Rules of Hooks
3. You might have more than one copy of React in the same app
See https://reactjs.org/link/invalid-hook-call for tips about how to debug and fix this problem.
Warning: Invalid hook call. Hooks can only be called inside of the body of a function component. This could happen for one of the following reasons:
1. You might have mismatching versions of React and the renderer (such as React DOM)
2. You might be breaking the Rules of Hooks
3. You might have more than one copy of React in the same app
See https://reactjs.org/link/invalid-hook-call for tips about how to debug and fix this problem.

stderr | src/utils/localStorage.test.ts > usePersistedState hook > setPersisted updates state and writes to localStorage
Warning: Invalid hook call. Hooks can only be called inside of the body of a function component. This could happen for one of the following reasons:
1. You might have mismatching versions of React and the renderer (such as React DOM)
2. You might be breaking the Rules of Hooks
3. You might have more than one copy of React in the same app
See https://reactjs.org/link/invalid-hook-call for tips about how to debug and fix this problem.
Warning: Invalid hook call. Hooks can only be called inside of the body of a function component. This could happen for one of the following reasons:
1. You might have mismatching versions of React and the renderer (such as React DOM)
2. You might be breaking the Rules of Hooks
3. You might have more than one copy of React in the same app
See https://reactjs.org/link/invalid-hook-call for tips about how to debug and fix this problem.

stderr | src/utils/localStorage.test.ts > usePersistedState hook > handles write errors gracefully
Warning: Invalid hook call. Hooks can only be called inside of the body of a function component. This could happen for one of the following reasons:
1. You might have mismatching versions of React and the renderer (such as React DOM)
2. You might be breaking the Rules of Hooks
3. You might have more than one copy of React in the same app
See https://reactjs.org/link/invalid-hook-call for tips about how to debug and fix this problem.
Warning: Invalid hook call. Hooks can only be called inside of the body of a function component. This could happen for one of the following reasons:
1. You might have mismatching versions of React and the renderer (such as React DOM)
2. You might be breaking the Rules of Hooks
3. You might have more than one copy of React in the same app
See https://reactjs.org/link/invalid-hook-call for tips about how to debug and fix this problem.

stderr | src/utils/localStorage.test.ts > usePersistedState hook > maintains separate values for different keys
Warning: Invalid hook call. Hooks can only be called inside of the body of a function component. This could happen for one of the following reasons:
1. You might have mismatching versions of React and the renderer (such as React DOM)
2. You might be breaking the Rules of Hooks
3. You might have more than one copy of React in the same app
See https://reactjs.org/link/invalid-hook-call for tips about how to debug and fix this problem.
Warning: Invalid hook call. Hooks can only be called inside of the body of a function component. This could happen for one of the following reasons:
1. You might have mismatching versions of React and the renderer (such as React DOM)
2. You might be breaking the Rules of Hooks
3. You might have more than one copy of React in the same app
See https://reactjs.org/link/invalid-hook-call for tips about how to debug and fix this problem.

stderr | src/utils/localStorage.test.ts > usePersistedState hook > handles various JSON-serializable types
Warning: Invalid hook call. Hooks can only be called inside of the body of a function component. This could happen for one of the following reasons:
1. You might have mismatching versions of React and the renderer (such as React DOM)
2. You might be breaking the Rules of Hooks
3. You might have more than one copy of React in the same app
See https://reactjs.org/link/invalid-hook-call for tips about how to debug and fix this problem.
Warning: Invalid hook call. Hooks can only be called inside of the body of a function component. This could happen for one of the following reasons:
1. You might have mismatching versions of React and the renderer (such as React DOM)
2. You might be breaking the Rules of Hooks
3. You might have more than one copy of React in the same app
See https://reactjs.org/link/invalid-hook-call for tips about how to debug and fix this problem.

 ❯ src/utils/localStorage.test.ts (7 tests | 7 failed) 30ms
   × usePersistedState hook > reads persisted value on init 18ms
     → Cannot read properties of null (reading 'useState')
   × usePersistedState hook > falls back to default value when localStorage is empty 2ms
     → Cannot read properties of null (reading 'useState')
   × usePersistedState hook > recovers from corrupted JSON with default value 2ms
     → Cannot read properties of null (reading 'useState')
   × usePersistedState hook > setPersisted updates state and writes to localStorage 2ms
     → Cannot read properties of null (reading 'useState')
   × usePersistedState hook > handles write errors gracefully 3ms
     → Cannot read properties of null (reading 'useState')
   × usePersistedState hook > maintains separate values for different keys 1ms
     → Cannot read properties of null (reading 'useState')
   × usePersistedState hook > handles various JSON-serializable types 1ms
     → Cannot read properties of null (reading 'useState')
 ✓ src/hooks/useAPI.test.ts (18 tests) 11ms

⎯⎯⎯⎯⎯⎯⎯ Failed Tests 7 ⎯⎯⎯⎯⎯⎯⎯

 FAIL  src/utils/localStorage.test.ts > usePersistedState hook > reads persisted value on init
TypeError: Cannot read properties of null (reading 'useState')
 ❯ Proxy.useState node_modules/react/cjs/react.development.js:1622:21
 ❯ Module.usePersistedState src/utils/localStorage.ts:7:29
      5|   defaultValue: T
      6| ): [T, (value: T) => void] => {
      7|   const [state, setState] = useState<T>(() => {
       |                             ^
      8|     try {
      9|       const item = window.localStorage.getItem(key);
 ❯ src/utils/localStorage.test.ts:18:41
 ❯ TestComponent ../node_modules/@testing-library/react/dist/pure.js:330:27
 ❯ Object.react_stack_bottom_frame ../node_modules/react-dom/cjs/react-dom-client.development.js:25904:20
 ❯ renderWithHooks ../node_modules/react-dom/cjs/react-dom-client.development.js:7662:22
 ❯ updateFunctionComponent ../node_modules/react-dom/cjs/react-dom-client.development.js:10166:19
 ❯ beginWork ../node_modules/react-dom/cjs/react-dom-client.development.js:11778:18
 ❯ runWithFiberInDEV ../node_modules/react-dom/cjs/react-dom-client.development.js:874:13
 ❯ performUnitOfWork ../node_modules/react-dom/cjs/react-dom-client.development.js:17641:22

⎯⎯⎯⎯⎯⎯⎯⎯⎯⎯⎯⎯⎯⎯⎯⎯⎯⎯⎯⎯⎯⎯⎯⎯[1/7]⎯

 FAIL  src/utils/localStorage.test.ts > usePersistedState hook > falls back to default value when localStorage is empty
TypeError: Cannot read properties of null (reading 'useState')
 ❯ Proxy.useState node_modules/react/cjs/react.development.js:1622:21
 ❯ Module.usePersistedState src/utils/localStorage.ts:7:29
      5|   defaultValue: T
      6| ): [T, (value: T) => void] => {
      7|   const [state, setState] = useState<T>(() => {
       |                             ^
      8|     try {
      9|       const item = window.localStorage.getItem(key);
 ❯ src/utils/localStorage.test.ts:23:41
 ❯ TestComponent ../node_modules/@testing-library/react/dist/pure.js:330:27
 ❯ Object.react_stack_bottom_frame ../node_modules/react-dom/cjs/react-dom-client.development.js:25904:20
 ❯ renderWithHooks ../node_modules/react-dom/cjs/react-dom-client.development.js:7662:22
 ❯ updateFunctionComponent ../node_modules/react-dom/cjs/react-dom-client.development.js:10166:19
 ❯ beginWork ../node_modules/react-dom/cjs/react-dom-client.development.js:11778:18
 ❯ runWithFiberInDEV ../node_modules/react-dom/cjs/react-dom-client.development.js:874:13
 ❯ performUnitOfWork ../node_modules/react-dom/cjs/react-dom-client.development.js:17641:22

⎯⎯⎯⎯⎯⎯⎯⎯⎯⎯⎯⎯⎯⎯⎯⎯⎯⎯⎯⎯⎯⎯⎯⎯[2/7]⎯

 FAIL  src/utils/localStorage.test.ts > usePersistedState hook > recovers from corrupted JSON with default value
TypeError: Cannot read properties of null (reading 'useState')
 ❯ Proxy.useState node_modules/react/cjs/react.development.js:1622:21
 ❯ Module.usePersistedState src/utils/localStorage.ts:7:29
      5|   defaultValue: T
      6| ): [T, (value: T) => void] => {
      7|   const [state, setState] = useState<T>(() => {
       |                             ^
      8|     try {
      9|       const item = window.localStorage.getItem(key);
 ❯ src/utils/localStorage.test.ts:31:41
 ❯ TestComponent ../node_modules/@testing-library/react/dist/pure.js:330:27
 ❯ Object.react_stack_bottom_frame ../node_modules/react-dom/cjs/react-dom-client.development.js:25904:20
 ❯ renderWithHooks ../node_modules/react-dom/cjs/react-dom-client.development.js:7662:22
 ❯ updateFunctionComponent ../node_modules/react-dom/cjs/react-dom-client.development.js:10166:19
 ❯ beginWork ../node_modules/react-dom/cjs/react-dom-client.development.js:11778:18
 ❯ runWithFiberInDEV ../node_modules/react-dom/cjs/react-dom-client.development.js:874:13
 ❯ performUnitOfWork ../node_modules/react-dom/cjs/react-dom-client.development.js:17641:22

⎯⎯⎯⎯⎯⎯⎯⎯⎯⎯⎯⎯⎯⎯⎯⎯⎯⎯⎯⎯⎯⎯⎯⎯[3/7]⎯

 FAIL  src/utils/localStorage.test.ts > usePersistedState hook > setPersisted updates state and writes to localStorage
TypeError: Cannot read properties of null (reading 'useState')
 ❯ Proxy.useState node_modules/react/cjs/react.development.js:1622:21
 ❯ Module.usePersistedState src/utils/localStorage.ts:7:29
      5|   defaultValue: T
      6| ): [T, (value: T) => void] => {
      7|   const [state, setState] = useState<T>(() => {
       |                             ^
      8|     try {
      9|       const item = window.localStorage.getItem(key);
 ❯ src/utils/localStorage.test.ts:43:41
 ❯ TestComponent ../node_modules/@testing-library/react/dist/pure.js:330:27
 ❯ Object.react_stack_bottom_frame ../node_modules/react-dom/cjs/react-dom-client.development.js:25904:20
 ❯ renderWithHooks ../node_modules/react-dom/cjs/react-dom-client.development.js:7662:22
 ❯ updateFunctionComponent ../node_modules/react-dom/cjs/react-dom-client.development.js:10166:19
 ❯ beginWork ../node_modules/react-dom/cjs/react-dom-client.development.js:11778:18
 ❯ runWithFiberInDEV ../node_modules/react-dom/cjs/react-dom-client.development.js:874:13
 ❯ performUnitOfWork ../node_modules/react-dom/cjs/react-dom-client.development.js:17641:22

⎯⎯⎯⎯⎯⎯⎯⎯⎯⎯⎯⎯⎯⎯⎯⎯⎯⎯⎯⎯⎯⎯⎯⎯[4/7]⎯

 FAIL  src/utils/localStorage.test.ts > usePersistedState hook > handles write errors gracefully
TypeError: Cannot read properties of null (reading 'useState')
 ❯ Proxy.useState node_modules/react/cjs/react.development.js:1622:21
 ❯ Module.usePersistedState src/utils/localStorage.ts:7:29
      5|   defaultValue: T
      6| ): [T, (value: T) => void] => {
      7|   const [state, setState] = useState<T>(() => {
       |                             ^
      8|     try {
      9|       const item = window.localStorage.getItem(key);
 ❯ src/utils/localStorage.test.ts:61:41
 ❯ TestComponent ../node_modules/@testing-library/react/dist/pure.js:330:27
 ❯ Object.react_stack_bottom_frame ../node_modules/react-dom/cjs/react-dom-client.development.js:25904:20
 ❯ renderWithHooks ../node_modules/react-dom/cjs/react-dom-client.development.js:7662:22
 ❯ updateFunctionComponent ../node_modules/react-dom/cjs/react-dom-client.development.js:10166:19
 ❯ beginWork ../node_modules/react-dom/cjs/react-dom-client.development.js:11778:18
 ❯ runWithFiberInDEV ../node_modules/react-dom/cjs/react-dom-client.development.js:874:13
 ❯ performUnitOfWork ../node_modules/react-dom/cjs/react-dom-client.development.js:17641:22

⎯⎯⎯⎯⎯⎯⎯⎯⎯⎯⎯⎯⎯⎯⎯⎯⎯⎯⎯⎯⎯⎯⎯⎯[5/7]⎯

 FAIL  src/utils/localStorage.test.ts > usePersistedState hook > maintains separate values for different keys
TypeError: Cannot read properties of null (reading 'useState')
 ❯ Proxy.useState node_modules/react/cjs/react.development.js:1622:21
 ❯ Module.usePersistedState src/utils/localStorage.ts:7:29
      5|   defaultValue: T
      6| ): [T, (value: T) => void] => {
      7|   const [state, setState] = useState<T>(() => {
       |                             ^
      8|     try {
      9|       const item = window.localStorage.getItem(key);
 ❯ src/utils/localStorage.test.ts:78:50
 ❯ TestComponent ../node_modules/@testing-library/react/dist/pure.js:330:27
 ❯ Object.react_stack_bottom_frame ../node_modules/react-dom/cjs/react-dom-client.development.js:25904:20
 ❯ renderWithHooks ../node_modules/react-dom/cjs/react-dom-client.development.js:7662:22
 ❯ updateFunctionComponent ../node_modules/react-dom/cjs/react-dom-client.development.js:10166:19
 ❯ beginWork ../node_modules/react-dom/cjs/react-dom-client.development.js:11778:18
 ❯ runWithFiberInDEV ../node_modules/react-dom/cjs/react-dom-client.development.js:874:13
 ❯ performUnitOfWork ../node_modules/react-dom/cjs/react-dom-client.development.js:17641:22

⎯⎯⎯⎯⎯⎯⎯⎯⎯⎯⎯⎯⎯⎯⎯⎯⎯⎯⎯⎯⎯⎯⎯⎯[6/7]⎯

 FAIL  src/utils/localStorage.test.ts > usePersistedState hook > handles various JSON-serializable types
TypeError: Cannot read properties of null (reading 'useState')
 ❯ Proxy.useState node_modules/react/cjs/react.development.js:1622:21
 ❯ Module.usePersistedState src/utils/localStorage.ts:7:29
      5|   defaultValue: T
      6| ): [T, (value: T) => void] => {
      7|   const [state, setState] = useState<T>(() => {
       |                             ^
      8|     try {
      9|       const item = window.localStorage.getItem(key);
 ❯ src/utils/localStorage.test.ts:107:43
 ❯ TestComponent ../node_modules/@testing-library/react/dist/pure.js:330:27
 ❯ Object.react_stack_bottom_frame ../node_modules/react-dom/cjs/react-dom-client.development.js:25904:20
 ❯ renderWithHooks ../node_modules/react-dom/cjs/react-dom-client.development.js:7662:22
 ❯ updateFunctionComponent ../node_modules/react-dom/cjs/react-dom-client.development.js:10166:19
 ❯ beginWork ../node_modules/react-dom/cjs/react-dom-client.development.js:11778:18
 ❯ runWithFiberInDEV ../node_modules/react-dom/cjs/react-dom-client.development.js:874:13
 ❯ performUnitOfWork ../node_modules/react-dom/cjs/react-dom-client.development.js:17641:22

⎯⎯⎯⎯⎯⎯⎯⎯⎯⎯⎯⎯⎯⎯⎯⎯⎯⎯⎯⎯⎯⎯⎯⎯[7/7]⎯

 Test Files  1 failed | 1 passed (2)
      Tests  7 failed | 18 passed (25)
   Start at  04:58:26
   Duration  703ms (transform 76ms, setup 157ms, collect 92ms, tests 41ms, environment 651ms, prepare 137ms)

npm error Lifecycle script `test:run` failed with error:
npm error code 1
npm error path /workspace/client
npm error workspace client@0.0.0
npm error location /workspace/client
npm error command failed
npm error command sh -c vitest run
